txt2tags: Error: option --zzzz not recognized (try --help)
