txt2tags: Error: The input file is empty: infile-empty.t2t
