txt2tags: Error: option -z not recognized (try --help)
