txt2tags: Error: %!CSV command: Missing CSV file path: -b
