txt2tags: Error: option -z not recognized in %!CSV command
