txt2tags: Error: The input file is empty: _empty.inc
