txt2tags: Error: Invalid CONFIG line on _text.inc
001:Text.
