txt2tags: Error: Cannot read file: http://txt2tags.org/test/not-found.t2t
