txt2tags: Error: Cannot open file for writing: http://txt2tags.org/test/simple.txt
