txt2tags: Error: CSV: file error.csv: newline inside string
