Error: Cannot read file: ERROR.t2t
[Errno 2] No such file or directory: 'ERROR.t2t'
