
WIKI:
	adoc	AsciiDoc document
	bbcode	BBCode document
	creole	Creole 1.0 document
	doku	DokuWiki page
	gwiki	Google Wiki page
	md	Markdown document
	moin	MoinMoin page
	pmw	PmWiki page
	red	Redmine Wiki page
	rst	ReStructuredText document
	spip	SPIP article
	tml	Foswiki or TWiki page
	txt2t	Txt2tags document
	vimwiki	Vimwiki document
	wiki	Wikipedia page

TEXT:
	aap	ASCII Art Presentation
	aas	ASCII Art Spreadsheet
	aat	ASCII Art Text
	man	UNIX Manual page
	txt	Plain Text

HTML:
	aapw	ASCII Art Presentation Web
	aasw	ASCII Art Spreadsheet Web
	aatw	ASCII Art Text Web
	html	HTML page
	html5	HTML5 page
	htmls	HTML Spreadsheet
	wp	WordPress post
	xhtml	XHTML page
	xhtmls	XHTML Strict page

OFFICE:
	csv	CSV table
	csvs	CSV Spreadsheet
	db	SQLite database
	dbk	DocBook document
	lout	Lout document
	mgp	MagicPoint presentation
	mom	MOM groff macro
	ods	Open Document Spreadsheet
	pm6	PageMaker document
	rtf	RTF document
	sgml	SGML document
	slidy	Slidy slides
	tex	LaTeX document
	texs	LaTeX Spreadsheet
	utmac	Utmac (utroff) document

Targets txt, aat, aap, aas, aatw, aapw, aasw, rst, html, html5, xhtml, xhtmls, htmls, wp, db, tex, texs, rtf, mgp, man, adoc, csv, csvs, doku, moin, pm6, red, spip, txt2t, bbcode, creole, dbk, gwiki, lout, md, mom, utmac, ods, pmw, sgml, tml, wiki, vimwiki from the targets directory not loaded, because there is already targets with the same name in txt2tags core.

