Error: Cannot read file: XXX.inc
[Errno 2] No such file or directory: 'XXX.inc'
