Error: You can't use (target) with %!includeconf
%!includeconf(html): _failed.inc
