txt2tags: Error: Cannot read file: folder/UFO.inc
