txt2tags: Error: A file cannot include itself (loop!): folder/include-itself.inc
