txt2tags: Error: option --outfile requires argument (try --help)
