txt2tags: Error: CSS include failed for missing.css
