RAW config for RC file

RAW config for source document
  (all)    target........: html

RAW config for command line
  (all)    quiet.........: ON
  (all)    no-rc.........: ON
  (all)    dump-config...: ON
  (all)    infile........: dump-config.t2t
  (all)    realcmdline...: ['-q', '--no-rc', '--dump-config', 'dump-config.t2t']

Full PARSED config
           dump-config...: ON
           infile........: dump-config.t2t
           quiet.........: ON
           rc............: OFF
           realcmdline...: -q, --no-rc, --dump-config, dump-config.t2t
           sourcefile....: dump-config.t2t
           target........: html

Active filters
