adoc	AsciiDoc document
art	Ascii Art text
creole	Creole 1.0 document
dbk	DocBook document
doku	DokuWiki page
gwiki	Google Wiki page
html	HTML page
lout	Lout document
man	UNIX Manual page
mgp	MagicPoint presentation
moin	MoinMoin page
pm6	PageMaker document
pmw	pmWiki page
sgml	SGML document
tex	LaTeX document
txt	Plain Text
wiki	Wikipedia page
xhtml	XHTML page
