txt2tags: Error: Invalid target 'ERROR'

Run 'txt2tags --list-targets' to see all the available targets.
